// Jest Snapshot v1, https://goo.gl/fbAQLP

exports[`Login View should match snapshot 1`] = `
<div
  class="h-full overflow-x-hidden flex flex-col"
>
  <section>
    <div
      class="flex justify-end p-4"
    >
      <!---->
       
      <uicolorswitch />
    </div>
     
    <h1
      class="text-center text-3xl font-bold"
    >
      Meal Tracker
    </h1>
  </section>
   
  <div
    class="login-body mt-12 h-full bg-light dark:bg-gray-main-1000"
  >
    <authloginform />
  </div>
</div>
`;
